../Core/Src/main.c:59:6:delay	16	static
../Core/Src/main.c:74:6:Set_Pin_Output	40	static
../Core/Src/main.c:82:6:Set_Pin_Input	40	static
../Core/Src/main.c:96:6:DHT11_Start	8	static
../Core/Src/main.c:106:9:DHT11_Check_Response	8	static
../Core/Src/main.c:121:9:DHT11_Read	16	static
../Core/Src/main.c:144:5:main	8	static
../Core/Src/main.c:206:6:SystemClock_Config	88	static
../Core/Src/main.c:252:13:MX_TIM6_Init	16	static
../Core/Src/main.c:290:13:MX_GPIO_Init	40	static
../Core/Src/main.c:322:6:Error_Handler	4	static,ignoring_inline_asm
